// Jest Snapshot v1, https://goo.gl/fbAQLP

exports[`<Profile /> rend correctement 1`] = `
<li
  className="MuiListItem-root MuiListItem-gutters"
  disabled={false}
>
  <div
    className="MuiListItemAvatar-root"
  >
    <span
      className="MuiBadge-root"
    >
      <div
        className="MuiAvatar-root MuiAvatar-rounded MuiAvatar-colorDefault"
      >
        <svg
          aria-hidden={true}
          className="MuiSvgIcon-root MuiAvatar-fallback"
          focusable="false"
          viewBox="0 0 24 24"
        >
          <path
            d="M12 12c2.21 0 4-1.79 4-4s-1.79-4-4-4-4 1.79-4 4 1.79 4 4 4zm0 2c-2.67 0-8 1.34-8 4v2h16v-2c0-2.66-5.33-4-8-4z"
          />
        </svg>
      </div>
      <span
        className="MuiBadge-badge MuiBadge-anchorOriginTopRightRectangle MuiBadge-colorPrimary MuiBadge-dot"
      >
        
      </span>
    </span>
  </div>
  <div
    className="MuiListItemText-root MuiListItemText-multiline"
  >
    <span
      className="MuiTypography-root MuiListItemText-primary MuiTypography-body1 MuiTypography-displayBlock"
    >
      Amara Bamba
    </span>
    <p
      className="MuiTypography-root MuiListItemText-secondary MuiTypography-body2 MuiTypography-colorTextSecondary MuiTypography-displayBlock"
    >
      amara.dianney@gmail@gmail.com
    </p>
  </div>
</li>
`;
