// Jest Snapshot v1, https://goo.gl/fbAQLP

exports[`<Button /> rend correctement 1`] = `
<button
  className="MuiButtonBase-root MuiButton-root MuiButton-text makeStyles-root-1 makeStyles-root-2"
  disabled={false}
  onBlur={[Function]}
  onDragLeave={[Function]}
  onFocus={[Function]}
  onKeyDown={[Function]}
  onKeyUp={[Function]}
  onMouseDown={[Function]}
  onMouseLeave={[Function]}
  onMouseUp={[Function]}
  onTouchEnd={[Function]}
  onTouchMove={[Function]}
  onTouchStart={[Function]}
  tabIndex={0}
  type="button"
>
  <span
    className="MuiButton-label"
  >
    Valider
  </span>
</button>
`;
