// Jest Snapshot v1, https://goo.gl/fbAQLP

exports[`<Loader /> rend correctement 1`] = `
<div
  className="MuiBox-root MuiBox-root-1"
>
  <div
    className="MuiBox-root MuiBox-root-2"
  >
    <div
      className="MuiCircularProgress-root MuiCircularProgress-colorSecondary MuiCircularProgress-indeterminate"
      role="progressbar"
      style={
        Object {
          "height": 100,
          "width": 100,
        }
      }
    >
      <svg
        className="MuiCircularProgress-svg"
        viewBox="22 22 44 44"
      >
        <circle
          className="MuiCircularProgress-circle MuiCircularProgress-circleIndeterminate"
          cx={44}
          cy={44}
          fill="none"
          r={21.5}
          strokeWidth={1}
          style={Object {}}
        />
      </svg>
    </div>
    <div
      className="MuiBox-root MuiBox-root-3"
    />
  </div>
</div>
`;
